Type     Name                                                                          # reqs      # fails |    Avg     Min     Max    Med |   req/s  failures/s
         Aggregated                                                                         0     0(0.00%) |      0       0       0      0 |    0.00        0.00
Type     Name                                                                          # reqs      # fails |    Avg     Min     Max    Med |   req/s  failures/s
GET      /api/ [mobile]                                                                  3929 3839(97.71%) |     10       3      44     10 |    0.00        0.00
GET      /api/ [web]                                                                     3884 3735(96.16%) |     10       3      48     10 |    0.00        0.00
         Aggregated                                                                      7813 7574(96.94%) |     10       3      48     10 |    0.00        0.00
Type     Name                                                                          # reqs      # fails |    Avg     Min     Max    Med |   req/s  failures/s
GET      /api/ [mobile]                                                                  8115 7965(98.15%) |     10       3      44     10 | 1156.50     1125.00
GET      /api/ [web]                                                                     8070 7821(96.91%) |     10       3      48     10 | 1136.00     1084.00
         Aggregated                                                                     16185 15786(97.53%) |     10       3      48     10 | 2292.50     2209.00
Type     Name                                                                          # reqs      # fails |    Avg     Min     Max    Med |   req/s  failures/s
GET      /api/ [mobile]                                                                 12551 12341(98.33%) |      9       3      44     10 | 1561.25     1530.50
GET      /api/ [web]                                                                    12501 12152(97.21%) |      9       3      48     10 | 1550.25     1499.25
         Aggregated                                                                     25052 24493(97.77%) |      9       3      48     10 | 3111.50     3029.75
Type     Name                                                                          # reqs      # fails |    Avg     Min     Max    Med |   req/s  failures/s
GET      /api/ [mobile]                                                                 16894 16624(98.40%) |      9       3      44     10 | 1768.50     1738.00
GET      /api/ [web]                                                                    16836 16387(97.33%) |      9       3      48     10 | 1760.67     1709.83
         Aggregated                                                                     33730 33011(97.87%) |      9       3      48     10 | 3529.17     3447.83
Type     Name                                                                          # reqs      # fails |    Avg     Min     Max    Med |   req/s  failures/s
GET      /api/ [mobile]                                                                 20862 20532(98.42%) |      9       3      44     10 | 1877.50     1847.12
GET      /api/ [web]                                                                    20802 20253(97.36%) |     10       3      48     10 | 1870.12     1819.50
         Aggregated                                                                     41664 40785(97.89%) |      9       3      48     10 | 3747.62     3666.62
Type     Name                                                                          # reqs      # fails |    Avg     Min     Max    Med |   req/s  failures/s
GET      /api/ [mobile]                                                                 25078 24688(98.44%) |      9       3      44     10 | 1906.70     1876.40
GET      /api/ [web]                                                                    25008 24359(97.40%) |     10       3      48     10 | 1900.80     1850.30
         Aggregated                                                                     50086 49047(97.93%) |      9       3      48     10 | 3807.50     3726.70
Type     Name                                                                          # reqs      # fails |    Avg     Min     Max    Med |   req/s  failures/s
GET      /api/ [mobile]                                                                 29230 28780(98.46%) |      9       3      44     10 | 2096.70     2066.70
GET      /api/ [web]                                                                    29158 28409(97.43%) |     10       3      48     10 | 2094.20     2044.20
         Aggregated                                                                     58388 57189(97.95%) |     10       3      48     10 | 4190.90     4110.90
Type     Name                                                                          # reqs      # fails |    Avg     Min     Max    Med |   req/s  failures/s
GET      /api/ [mobile]                                                                 32434 31929(98.44%) |     10       3     573     10 | 2107.00     2077.00
GET      /api/ [web]                                                                    32367 31528(97.41%) |     10       3     178     10 | 2104.20     2054.20
         Aggregated                                                                     64801 63457(97.93%) |     10       3     573     10 | 4211.20     4131.20
Type     Name                                                                          # reqs      # fails |    Avg     Min     Max    Med |   req/s  failures/s
GET      /api/ [mobile]                                                                 34118 33532(98.28%) |     11       3     739     10 | 1962.40     1933.30
GET      /api/ [web]                                                                    34045 33070(97.14%) |     11       3     741     10 | 1960.70     1912.20
         Aggregated                                                                     68163 66602(97.71%) |     11       3     741     10 | 3923.10     3845.50
Type     Name                                                                          # reqs      # fails |    Avg     Min     Max    Med |   req/s  failures/s
GET      /api/ [mobile]                                                                 35655 35009(98.19%) |     11       3     739     10 | 1662.90     1633.10
GET      /api/ [web]                                                                    35584 34508(96.98%) |     11       3     741     10 | 1660.80     1611.20
         Aggregated                                                                     71239 69517(97.58%) |     11       3     741     10 | 3323.70     3244.30
Type     Name                                                                          # reqs      # fails |    Avg     Min     Max    Med |   req/s  failures/s
GET      /api/ [mobile]                                                                 38193 37487(98.15%) |     12       3     739     10 | 1397.80     1367.80
GET      /api/ [web]                                                                    38126 36950(96.92%) |     12       3     741     10 | 1397.40     1347.50
         Aggregated                                                                     76319 74437(97.53%) |     12       3     741     10 | 2795.20     2715.30
Type     Name                                                                          # reqs      # fails |    Avg     Min     Max    Med |   req/s  failures/s
GET      /api/ [mobile]                                                                 41539 40773(98.16%) |     12       3     739     10 | 1218.90     1188.90
GET      /api/ [web]                                                                    41472 40196(96.92%) |     12       3     741     10 | 1219.50     1169.60
         Aggregated                                                                     83011 80969(97.54%) |     12       3     741     10 | 2438.40     2358.50
Type     Name                                                                          # reqs      # fails |    Avg     Min     Max    Med |   req/s  failures/s
GET      /api/ [mobile]                                                                 42167 41390(98.16%) |     12       3     739     10 | 1693.02     1661.83
GET      /api/ [web]                                                                    42098 40804(96.93%) |     12       3     741     10 | 1690.25     1638.30
         Aggregated                                                                     84265 82194(97.54%) |     12       3     741     10 | 3383.28     3300.12
Response time percentiles (approximated)
Type     Name                                                                                  50%    66%    75%    80%    90%    95%    98%    99%  99.9% 99.99%   100% # reqs
GET      /api/ [mobile]                                                                         10     11     12     13     16     21     34     49    290    740    740  42167
GET      /api/ [web]                                                                            10     11     12     13     16     21     35     48    180    730    740  42098
         Aggregated                                                                             10     11     12     13     16     21     35     49    240    740    740  84265
41390              GET /api/ [mobile]: 429 rate limited (mobile > 30 r/s)                                              
40804              GET /api/ [web]: 429 rate limited (web > 50 r/s)                                                    
